// Jest Snapshot v1, https://goo.gl/fbAQLP

exports[`Test Profile Page UI Profile page renders correctly 1`] = `
<div
  className="App"
>
  <div
    id="cover_space"
  >
    <img
      alt=""
      id="user_profile_pic"
      src="https://www.psypost.org/wp-content/uploads/2017/08/meditating-woman.jpg"
    />
    <div
      id="main_title"
    >
      Stacy Shapiro
      's FaceTok Page
    </div>
  </div>
  <div
    id="nav_button_container"
  >
    <div
      className="nav_button"
    >
      Friends
    </div>
    <div
      className="nav_button"
    >
      Photos
    </div>
    <div
      className="nav_button"
      onClick={[Function]}
      onKeyDown={[Function]}
      role="link"
      tabIndex={0}
    >
      Groups [active link] 
    </div>
    <div
      className="nav_button"
    >
      Update bio
    </div>
    <div
      className="nav_button"
    >
      Settings
    </div>
  </div>
  <div
    id="main_content_container"
  >
    <div
      id="key_bio_info"
    >
      <b>
        Stacy
        's bio
      </b>
      <p />
      
    </div>
    <div
      id="post_container"
    />
  </div>
</div>
`;
