// Jest Snapshot v1, https://goo.gl/fbAQLP

exports[`Test Profile Page UI Profile page renders correctly 1`] = `
<div
  className="App"
>
  <div
    id="cover_space"
  >
    <img
      alt=""
      id="user_profile_pic"
      src="https://www.psypost.org/wp-content/uploads/2017/08/meditating-woman.jpg"
    />
    <div
      id="main_title"
    >
      me
      's FaceTok Page
    </div>
  </div>
  <div
    id="nav_button_container"
  >
    <div
      className="nav_button"
      onClick={[Function]}
      onKeyDown={[Function]}
      role="link"
      tabIndex={0}
    >
      Home
    </div>
    <div
      className="nav_button"
      onClick={[Function]}
      onKeyDown={[Function]}
      role="link"
      tabIndex={0}
    >
      Groups
    </div>
    <div
      className="nav_button"
      onClick={[Function]}
      onKeyDown={[Function]}
      role="link"
      tabIndex={0}
    >
      Set bio or profile pic
    </div>
    <div
      className="nav_button"
      onClick={[Function]}
      onKeyDown={[Function]}
      role="link"
      tabIndex={0}
    >
      Change password
    </div>
    <div
      className="nav_button"
      id="deactivateButton"
      onClick={[Function]}
      onKeyDown={[Function]}
      role="link"
      tabIndex={0}
    >
      Deactivate account
    </div>
  </div>
  <div
    id="main_content_container"
  >
    <div
      id="key_bio_info"
    >
      <b>
        me
        's bio
      </b>
      <p />
      
      <p />
      <p />
      Account registration date:
      <p />
      
    </div>
    <div
      id="post_container"
    />
  </div>
</div>
`;
